MPLINK 5.09, LINKER
Linker Map File - Created Thu Feb 21 22:02:42 2019

                                 Section Info
                  Section       Type    Address   Location Size(Bytes)
                ---------  ---------  ---------  ---------  ---------
                   .org_0       code   0x000000    program   0x0000cc
                   .cinit    romdata   0x0000cc    program   0x000002
.config_300001_BUILD/DEFAULT/DEBUG/KEYPAD.O    romdata   0x300001    program   0x000001
.config_300003_BUILD/DEFAULT/DEBUG/KEYPAD.O    romdata   0x300003    program   0x000001
.config_300005_BUILD/DEFAULT/DEBUG/KEYPAD.O    romdata   0x300005    program   0x000001
.config_300006_BUILD/DEFAULT/DEBUG/KEYPAD.O    romdata   0x300006    program   0x000001



                              Program Memory Usage 
                               Start         End      
                           ---------   ---------      
                            0x000000    0x0000cd      
                            0x300001    0x300001      
                            0x300003    0x300003      
                            0x300005    0x300006      
            210 out of 33048 program addresses used, program memory utilization is 0%



                              Symbols - Sorted by Name
                     Name    Address   Location    Storage File                     
                ---------  ---------  ---------  --------- ---------                
                    Delay   0x0000be    program     static C:\Users\LPASU13\MPLABXProjects\Keypad.X\Keypad.asm
                 MainLoop   0x00005a    program     static C:\Users\LPASU13\MPLABXProjects\Keypad.X\Keypad.asm
                     SAVE   0x000056    program     static C:\Users\LPASU13\MPLABXProjects\Keypad.X\Keypad.asm
                    START   0x00004e    program     static C:\Users\LPASU13\MPLABXProjects\Keypad.X\Keypad.asm
                    Start   0x000000    program     static C:\Users\LPASU13\MPLABXProjects\Keypad.X\Keypad.asm



                              Symbols - Sorted by Address
                     Name    Address   Location    Storage File                     
                ---------  ---------  ---------  --------- ---------                
                    Start   0x000000    program     static C:\Users\LPASU13\MPLABXProjects\Keypad.X\Keypad.asm
                    START   0x00004e    program     static C:\Users\LPASU13\MPLABXProjects\Keypad.X\Keypad.asm
                     SAVE   0x000056    program     static C:\Users\LPASU13\MPLABXProjects\Keypad.X\Keypad.asm
                 MainLoop   0x00005a    program     static C:\Users\LPASU13\MPLABXProjects\Keypad.X\Keypad.asm
                    Delay   0x0000be    program     static C:\Users\LPASU13\MPLABXProjects\Keypad.X\Keypad.asm


