MPLINK 5.09, LINKER
Linker Map File - Created Sat Feb 23 10:54:36 2019

                                 Section Info
                  Section       Type    Address   Location Size(Bytes)
                ---------  ---------  ---------  ---------  ---------
                   .org_0       code   0x000000    program   0x0000c0
                   .cinit    romdata   0x0000c0    program   0x000002
.config_300001_BUILD/DEFAULT/PRODUCTION/KEYPAD.    romdata   0x300001    program   0x000001
.config_300003_BUILD/DEFAULT/PRODUCTION/KEYPAD.    romdata   0x300003    program   0x000001
.config_300005_BUILD/DEFAULT/PRODUCTION/KEYPAD.    romdata   0x300005    program   0x000001
.config_300006_BUILD/DEFAULT/PRODUCTION/KEYPAD.    romdata   0x300006    program   0x000001



                              Program Memory Usage 
                               Start         End      
                           ---------   ---------      
                            0x000000    0x0000c1      
                            0x300001    0x300001      
                            0x300003    0x300003      
                            0x300005    0x300006      
            198 out of 33048 program addresses used, program memory utilization is 0%



                              Symbols - Sorted by Name
                     Name    Address   Location    Storage File                     
                ---------  ---------  ---------  --------- ---------                
                    Delay   0x0000b2    program     static C:\Users\LPASU13\MPLABXProjects\Keypad.X\Keypad.asm
                 MainLoop   0x00004e    program     static C:\Users\LPASU13\MPLABXProjects\Keypad.X\Keypad.asm
                    Start   0x000000    program     static C:\Users\LPASU13\MPLABXProjects\Keypad.X\Keypad.asm



                              Symbols - Sorted by Address
                     Name    Address   Location    Storage File                     
                ---------  ---------  ---------  --------- ---------                
                    Start   0x000000    program     static C:\Users\LPASU13\MPLABXProjects\Keypad.X\Keypad.asm
                 MainLoop   0x00004e    program     static C:\Users\LPASU13\MPLABXProjects\Keypad.X\Keypad.asm
                    Delay   0x0000b2    program     static C:\Users\LPASU13\MPLABXProjects\Keypad.X\Keypad.asm


